// Vitest Snapshot v1, https://vitest.dev/guide/snapshot.html

exports[`cacheContext server handler > Adds cache context to event 1`] = `
{
  "__MULTI_CACHE": {
    "component": {
      "clear": [Function],
      "dispose": [Function],
      "getItem": [Function],
      "getItemRaw": [Function],
      "getItems": [Function],
      "getKeys": [Function],
      "getMeta": [Function],
      "getMount": [Function],
      "getMounts": [Function],
      "hasItem": [Function],
      "mount": [Function],
      "removeItem": [Function],
      "removeMeta": [Function],
      "setItem": [Function],
      "setItemRaw": [Function],
      "setItems": [Function],
      "setMeta": [Function],
      "unmount": [Function],
      "unwatch": [Function],
      "watch": [Function],
    },
  },
  "__MULTI_CACHE_ROUTE": NuxtMultiCacheRouteCacheHelper {
    "cacheable": null,
    "maxAge": null,
    "tags": [],
  },
}
`;
